Script started on Fri 06 Nov 2015 02:19:03 PM PST
[kjue001@hammer rshell]$ make
rm -rf bin
mkdir bin
g++ -Wall -Werror -ansi -pedantic src/rshell.cpp -o bin/rshell
[kjue001@hammer rshell]$ bin/rshell
$ echo hello
hello
$ echo hello || ls -a
hello
$ echohelo || ls -a
execve failed: No such file or directory
.   bin	  hw1	   Makefile		 README.md  tests	 test.script
..  .git  LICENSE  multi_command.script	 src	    test.scripp
$ echo hello && ls -a
hello
.   bin	  hw1	   Makefile		 README.md  tests	 test.script
..  .git  LICENSE  multi_command.script	 src	    test.scripp
$ echo hello || ls -a && echo goodbye; echo hi
hello
goodbye
hi
$ mki -c || ls -a && echo see || echo ya
execve failed: No such file or directory
.   bin	  hw1	   Makefile		 README.md  tests	 test.script
..  .git  LICENSE  multi_command.script	 src	    test.scripp
see
$ mki -c && ls -a || echo hiya; echo bya
execve failed: No such file or directory
hiya
bya
$ mki -d || mkd -p || ls -a
execve failed: No such file or directory
execve failed: No such file or directory
.   bin	  hw1	   Makefile		 README.md  tests	 test.script
..  .git  LICENSE  multi_command.script	 src	    test.scripp
$ echo hi; mki hi; ls -a; thisddoesnt
hi
execve failed: No such file or directory
$ exit
[kjue001@hammer rshell]$ exit
exit

Script done on Fri 06 Nov 2015 02:25:49 PM PST
