Script started on Fri 06 Nov 2015 02:51:46 PM PST
[kjue001@hammer rshell]$ make
rm -rf bin
mkdir bin
g++ -Wall -Werror -ansi -pedantic src/rshell.cpp -o bin/rshell
[kjue001@hammer rshell]$ bin/rshell
$ ls -a
.   bin	  hw1	   Makefile   single_command1.script  src    test.scripp
..  .git  LICENSE  README.md  single_command.script   tests  test.script
$ echo hello
hello
$
$ hello jk
execve failed: No such file or directory
$ mkdir hw1
mkdir: cannot create directory `hw1': File exists
$ mkdir hw2
$ ls
bin  hw2      Makefile	 single_command1.script	 src	test.scripp
hw1  LICENSE  README.md	 single_command.script	 tests	test.script
$
$ exit
[kjue001@hammer rshell]$ exit
exit

Script done on Fri 06 Nov 2015 02:52:45 PM PST
